../STM32_WPAN/App/app_zigbee.c:173:28:onOff_server_1_off	32	static
../STM32_WPAN/App/app_zigbee.c:197:28:onOff_server_1_on	40	static
../STM32_WPAN/App/app_zigbee.c:221:28:onOff_server_1_toggle	40	static
../STM32_WPAN/App/app_zigbee.c:244:28:colorControl_server_1_move_to_color_xy	48	static
../STM32_WPAN/App/app_zigbee.c:267:28:levelControl_server_1_move_to_level	40	static
../STM32_WPAN/App/app_zigbee.c:293:6:APP_ZIGBEE_Init	16	static
../STM32_WPAN/App/app_zigbee.c:334:13:APP_ZIGBEE_StackLayersInit	8	static
../STM32_WPAN/App/app_zigbee.c:366:13:APP_ZIGBEE_ConfigEndpoints	144	static
../STM32_WPAN/App/app_zigbee.c:432:13:APP_ZIGBEE_NwkForm	496	static
../STM32_WPAN/App/app_zigbee.c:499:13:ZbStartupWaitCb	24	static
../STM32_WPAN/App/app_zigbee.c:508:20:ZbStartupWait	24	static
../STM32_WPAN/App/app_zigbee.c:540:6:APP_ZIGBEE_Error	16	static
../STM32_WPAN/App/app_zigbee.c:563:13:APP_ZIGBEE_TraceError	24	static
../STM32_WPAN/App/app_zigbee.c:577:13:APP_ZIGBEE_CheckWirelessFirmwareInfo	104	static
../STM32_WPAN/App/app_zigbee.c:655:6:APP_ZIGBEE_RegisterCmdBuffer	16	static
../STM32_WPAN/App/app_zigbee.c:660:24:ZIGBEE_Get_OTCmdPayloadBuffer	4	static
../STM32_WPAN/App/app_zigbee.c:665:24:ZIGBEE_Get_OTCmdRspPayloadBuffer	4	static
../STM32_WPAN/App/app_zigbee.c:670:24:ZIGBEE_Get_NotificationPayloadBuffer	4	static
../STM32_WPAN/App/app_zigbee.c:675:24:ZIGBEE_Get_M0RequestPayloadBuffer	4	static
../STM32_WPAN/App/app_zigbee.c:686:6:ZIGBEE_CmdTransfer	16	static
../STM32_WPAN/App/app_zigbee.c:709:6:TL_ZIGBEE_CmdEvtReceived	16	static
../STM32_WPAN/App/app_zigbee.c:723:6:TL_ZIGBEE_NotReceived	16	static
../STM32_WPAN/App/app_zigbee.c:738:6:Pre_ZigbeeCmdProcessing	8	static
../STM32_WPAN/App/app_zigbee.c:749:13:Wait_Getting_Ack_From_M0	8	static
../STM32_WPAN/App/app_zigbee.c:761:13:Receive_Ack_From_M0	8	static
../STM32_WPAN/App/app_zigbee.c:772:13:Receive_Notification_From_M0	8	static
../STM32_WPAN/App/app_zigbee.c:784:6:TL_ZIGBEE_M0RequestReceived	16	static
../STM32_WPAN/App/app_zigbee.c:797:6:APP_ZIGBEE_TL_INIT	8	static
../STM32_WPAN/App/app_zigbee.c:810:13:APP_ZIGBEE_ProcessNotifyM0ToM4	8	static
../STM32_WPAN/App/app_zigbee.c:825:13:APP_ZIGBEE_ProcessRequestM0ToM4	8	static
../STM32_WPAN/App/app_zigbee.c:840:6:APP_ZIGBEE_ConfigBasicServer	8	static
