../STM32_WPAN/App/app_zigbee.c:150:28:onOff_server_1_off	32	static
../STM32_WPAN/App/app_zigbee.c:174:28:onOff_server_1_on	32	static
../STM32_WPAN/App/app_zigbee.c:196:28:onOff_server_1_toggle	40	static
../STM32_WPAN/App/app_zigbee.c:219:28:colorControl_server_1_move_to_color_xy	48	static
../STM32_WPAN/App/app_zigbee.c:244:28:levelControl_server_1_move_to_level	40	static
../STM32_WPAN/App/app_zigbee.c:271:6:APP_ZIGBEE_Init	16	static
../STM32_WPAN/App/app_zigbee.c:312:13:APP_ZIGBEE_StackLayersInit	8	static
../STM32_WPAN/App/app_zigbee.c:342:13:APP_ZIGBEE_ConfigEndpoints	136	static
../STM32_WPAN/App/app_zigbee.c:393:13:APP_ZIGBEE_NwkForm	496	static
../STM32_WPAN/App/app_zigbee.c:460:13:ZbStartupWaitCb	24	static
../STM32_WPAN/App/app_zigbee.c:469:20:ZbStartupWait	24	static
../STM32_WPAN/App/app_zigbee.c:501:6:APP_ZIGBEE_Error	16	static
../STM32_WPAN/App/app_zigbee.c:524:13:APP_ZIGBEE_TraceError	24	static
../STM32_WPAN/App/app_zigbee.c:538:13:APP_ZIGBEE_CheckWirelessFirmwareInfo	104	static
../STM32_WPAN/App/app_zigbee.c:614:6:APP_ZIGBEE_RegisterCmdBuffer	16	static
../STM32_WPAN/App/app_zigbee.c:619:24:ZIGBEE_Get_OTCmdPayloadBuffer	4	static
../STM32_WPAN/App/app_zigbee.c:624:24:ZIGBEE_Get_OTCmdRspPayloadBuffer	4	static
../STM32_WPAN/App/app_zigbee.c:629:24:ZIGBEE_Get_NotificationPayloadBuffer	4	static
../STM32_WPAN/App/app_zigbee.c:634:24:ZIGBEE_Get_M0RequestPayloadBuffer	4	static
../STM32_WPAN/App/app_zigbee.c:645:6:ZIGBEE_CmdTransfer	16	static
../STM32_WPAN/App/app_zigbee.c:668:6:TL_ZIGBEE_CmdEvtReceived	16	static
../STM32_WPAN/App/app_zigbee.c:682:6:TL_ZIGBEE_NotReceived	16	static
../STM32_WPAN/App/app_zigbee.c:697:6:Pre_ZigbeeCmdProcessing	8	static
../STM32_WPAN/App/app_zigbee.c:708:13:Wait_Getting_Ack_From_M0	8	static
../STM32_WPAN/App/app_zigbee.c:720:13:Receive_Ack_From_M0	8	static
../STM32_WPAN/App/app_zigbee.c:731:13:Receive_Notification_From_M0	8	static
../STM32_WPAN/App/app_zigbee.c:743:6:TL_ZIGBEE_M0RequestReceived	16	static
../STM32_WPAN/App/app_zigbee.c:756:6:APP_ZIGBEE_TL_INIT	8	static
../STM32_WPAN/App/app_zigbee.c:769:13:APP_ZIGBEE_ProcessNotifyM0ToM4	8	static
../STM32_WPAN/App/app_zigbee.c:784:13:APP_ZIGBEE_ProcessRequestM0ToM4	8	static
