../STM32_WPAN/App/app_zigbee.c:189:28:onOff_server_1_off	32	static
../STM32_WPAN/App/app_zigbee.c:213:28:onOff_server_1_on	32	static
../STM32_WPAN/App/app_zigbee.c:235:28:onOff_server_1_toggle	40	static
../STM32_WPAN/App/app_zigbee.c:258:28:colorControl_server_1_move_to_color_xy	48	static
../STM32_WPAN/App/app_zigbee.c:281:28:levelControl_server_1_move_to_level	40	static
../STM32_WPAN/App/app_zigbee.c:307:6:APP_ZIGBEE_Init	16	static
../STM32_WPAN/App/app_zigbee.c:348:13:APP_ZIGBEE_StackLayersInit	8	static
../STM32_WPAN/App/app_zigbee.c:380:13:APP_ZIGBEE_ConfigEndpoints	136	static
../STM32_WPAN/App/app_zigbee.c:474:13:APP_ZIGBEE_NwkForm	496	static
../STM32_WPAN/App/app_zigbee.c:542:13:ZbStartupWaitCb	24	static
../STM32_WPAN/App/app_zigbee.c:551:20:ZbStartupWait	24	static
../STM32_WPAN/App/app_zigbee.c:583:6:APP_ZIGBEE_Error	16	static
../STM32_WPAN/App/app_zigbee.c:606:13:APP_ZIGBEE_TraceError	24	static
../STM32_WPAN/App/app_zigbee.c:620:13:APP_ZIGBEE_CheckWirelessFirmwareInfo	104	static
../STM32_WPAN/App/app_zigbee.c:701:6:APP_ZIGBEE_RegisterCmdBuffer	16	static
../STM32_WPAN/App/app_zigbee.c:706:24:ZIGBEE_Get_OTCmdPayloadBuffer	4	static
../STM32_WPAN/App/app_zigbee.c:711:24:ZIGBEE_Get_OTCmdRspPayloadBuffer	4	static
../STM32_WPAN/App/app_zigbee.c:716:24:ZIGBEE_Get_NotificationPayloadBuffer	4	static
../STM32_WPAN/App/app_zigbee.c:721:24:ZIGBEE_Get_M0RequestPayloadBuffer	4	static
../STM32_WPAN/App/app_zigbee.c:732:6:ZIGBEE_CmdTransfer	16	static
../STM32_WPAN/App/app_zigbee.c:755:6:TL_ZIGBEE_CmdEvtReceived	16	static
../STM32_WPAN/App/app_zigbee.c:769:6:TL_ZIGBEE_NotReceived	16	static
../STM32_WPAN/App/app_zigbee.c:784:6:Pre_ZigbeeCmdProcessing	8	static
../STM32_WPAN/App/app_zigbee.c:795:13:Wait_Getting_Ack_From_M0	8	static
../STM32_WPAN/App/app_zigbee.c:807:13:Receive_Ack_From_M0	8	static
../STM32_WPAN/App/app_zigbee.c:818:13:Receive_Notification_From_M0	8	static
../STM32_WPAN/App/app_zigbee.c:830:6:TL_ZIGBEE_M0RequestReceived	16	static
../STM32_WPAN/App/app_zigbee.c:843:6:APP_ZIGBEE_TL_INIT	8	static
../STM32_WPAN/App/app_zigbee.c:856:13:APP_ZIGBEE_ProcessNotifyM0ToM4	8	static
../STM32_WPAN/App/app_zigbee.c:871:13:APP_ZIGBEE_ProcessRequestM0ToM4	8	static
../STM32_WPAN/App/app_zigbee.c:882:6:APP_ZIGBEE_cyclic_reporting	48	static
../STM32_WPAN/App/app_zigbee.c:896:6:APP_ZIGBEE_ConfigBasicServer	8	static
