../STM32_WPAN/App/app_zigbee.c:171:28:onOff_server_1_off	32	static
../STM32_WPAN/App/app_zigbee.c:196:28:onOff_server_1_on	40	static
../STM32_WPAN/App/app_zigbee.c:220:28:onOff_server_1_toggle	40	static
../STM32_WPAN/App/app_zigbee.c:243:28:colorControl_server_1_move_to_color_xy	48	static
../STM32_WPAN/App/app_zigbee.c:268:28:levelControl_server_1_move_to_level	40	static
../STM32_WPAN/App/app_zigbee.c:295:6:APP_ZIGBEE_Init	16	static
../STM32_WPAN/App/app_zigbee.c:336:13:APP_ZIGBEE_StackLayersInit	8	static
../STM32_WPAN/App/app_zigbee.c:368:13:APP_ZIGBEE_ConfigEndpoints	144	static
../STM32_WPAN/App/app_zigbee.c:434:13:APP_ZIGBEE_NwkForm	496	static
../STM32_WPAN/App/app_zigbee.c:501:13:ZbStartupWaitCb	24	static
../STM32_WPAN/App/app_zigbee.c:510:20:ZbStartupWait	24	static
../STM32_WPAN/App/app_zigbee.c:542:6:APP_ZIGBEE_Error	16	static
../STM32_WPAN/App/app_zigbee.c:565:13:APP_ZIGBEE_TraceError	24	static
../STM32_WPAN/App/app_zigbee.c:579:13:APP_ZIGBEE_CheckWirelessFirmwareInfo	104	static
../STM32_WPAN/App/app_zigbee.c:657:6:APP_ZIGBEE_RegisterCmdBuffer	16	static
../STM32_WPAN/App/app_zigbee.c:662:24:ZIGBEE_Get_OTCmdPayloadBuffer	4	static
../STM32_WPAN/App/app_zigbee.c:667:24:ZIGBEE_Get_OTCmdRspPayloadBuffer	4	static
../STM32_WPAN/App/app_zigbee.c:672:24:ZIGBEE_Get_NotificationPayloadBuffer	4	static
../STM32_WPAN/App/app_zigbee.c:677:24:ZIGBEE_Get_M0RequestPayloadBuffer	4	static
../STM32_WPAN/App/app_zigbee.c:688:6:ZIGBEE_CmdTransfer	16	static
../STM32_WPAN/App/app_zigbee.c:711:6:TL_ZIGBEE_CmdEvtReceived	16	static
../STM32_WPAN/App/app_zigbee.c:725:6:TL_ZIGBEE_NotReceived	16	static
../STM32_WPAN/App/app_zigbee.c:740:6:Pre_ZigbeeCmdProcessing	8	static
../STM32_WPAN/App/app_zigbee.c:751:13:Wait_Getting_Ack_From_M0	8	static
../STM32_WPAN/App/app_zigbee.c:763:13:Receive_Ack_From_M0	8	static
../STM32_WPAN/App/app_zigbee.c:774:13:Receive_Notification_From_M0	8	static
../STM32_WPAN/App/app_zigbee.c:786:6:TL_ZIGBEE_M0RequestReceived	16	static
../STM32_WPAN/App/app_zigbee.c:799:6:APP_ZIGBEE_TL_INIT	8	static
../STM32_WPAN/App/app_zigbee.c:812:13:APP_ZIGBEE_ProcessNotifyM0ToM4	8	static
../STM32_WPAN/App/app_zigbee.c:827:13:APP_ZIGBEE_ProcessRequestM0ToM4	8	static
../STM32_WPAN/App/app_zigbee.c:842:6:APP_ZIGBEE_ConfigBasicServer	8	static
