../STM32_WPAN/App/app_zigbee.c:190:28:onOff_server_1_off	32	static
../STM32_WPAN/App/app_zigbee.c:214:28:onOff_server_1_on	32	static
../STM32_WPAN/App/app_zigbee.c:236:28:onOff_server_1_toggle	40	static
../STM32_WPAN/App/app_zigbee.c:259:28:colorControl_server_1_move_to_color_xy	48	static
../STM32_WPAN/App/app_zigbee.c:282:28:levelControl_server_1_move_to_level	40	static
../STM32_WPAN/App/app_zigbee.c:308:6:APP_ZIGBEE_Init	16	static
../STM32_WPAN/App/app_zigbee.c:349:13:APP_ZIGBEE_StackLayersInit	8	static
../STM32_WPAN/App/app_zigbee.c:381:13:APP_ZIGBEE_ConfigEndpoints	136	static
../STM32_WPAN/App/app_zigbee.c:474:13:APP_ZIGBEE_NwkForm	496	static
../STM32_WPAN/App/app_zigbee.c:546:13:ZbStartupWaitCb	24	static
../STM32_WPAN/App/app_zigbee.c:555:20:ZbStartupWait	24	static
../STM32_WPAN/App/app_zigbee.c:587:6:APP_ZIGBEE_Error	16	static
../STM32_WPAN/App/app_zigbee.c:610:13:APP_ZIGBEE_TraceError	24	static
../STM32_WPAN/App/app_zigbee.c:624:13:APP_ZIGBEE_CheckWirelessFirmwareInfo	104	static
../STM32_WPAN/App/app_zigbee.c:705:6:APP_ZIGBEE_RegisterCmdBuffer	16	static
../STM32_WPAN/App/app_zigbee.c:710:24:ZIGBEE_Get_OTCmdPayloadBuffer	4	static
../STM32_WPAN/App/app_zigbee.c:715:24:ZIGBEE_Get_OTCmdRspPayloadBuffer	4	static
../STM32_WPAN/App/app_zigbee.c:720:24:ZIGBEE_Get_NotificationPayloadBuffer	4	static
../STM32_WPAN/App/app_zigbee.c:725:24:ZIGBEE_Get_M0RequestPayloadBuffer	4	static
../STM32_WPAN/App/app_zigbee.c:736:6:ZIGBEE_CmdTransfer	16	static
../STM32_WPAN/App/app_zigbee.c:759:6:TL_ZIGBEE_CmdEvtReceived	16	static
../STM32_WPAN/App/app_zigbee.c:773:6:TL_ZIGBEE_NotReceived	16	static
../STM32_WPAN/App/app_zigbee.c:788:6:Pre_ZigbeeCmdProcessing	8	static
../STM32_WPAN/App/app_zigbee.c:799:13:Wait_Getting_Ack_From_M0	8	static
../STM32_WPAN/App/app_zigbee.c:811:13:Receive_Ack_From_M0	8	static
../STM32_WPAN/App/app_zigbee.c:822:13:Receive_Notification_From_M0	8	static
../STM32_WPAN/App/app_zigbee.c:834:6:TL_ZIGBEE_M0RequestReceived	16	static
../STM32_WPAN/App/app_zigbee.c:847:6:APP_ZIGBEE_TL_INIT	8	static
../STM32_WPAN/App/app_zigbee.c:860:13:APP_ZIGBEE_ProcessNotifyM0ToM4	8	static
../STM32_WPAN/App/app_zigbee.c:875:13:APP_ZIGBEE_ProcessRequestM0ToM4	8	static
../STM32_WPAN/App/app_zigbee.c:886:6:APP_ZIGBEE_cyclic_reporting	48	static
../STM32_WPAN/App/app_zigbee.c:900:6:APP_ZIGBEE_ConfigBasicServer	8	static
