../STM32_WPAN/App/app_zigbee.c:187:28:onOff_server_1_off	32	static
../STM32_WPAN/App/app_zigbee.c:211:28:onOff_server_1_on	32	static
../STM32_WPAN/App/app_zigbee.c:233:28:onOff_server_1_toggle	40	static
../STM32_WPAN/App/app_zigbee.c:256:28:colorControl_server_1_move_to_color_xy	48	static
../STM32_WPAN/App/app_zigbee.c:279:28:levelControl_server_1_move_to_level	40	static
../STM32_WPAN/App/app_zigbee.c:305:6:APP_ZIGBEE_Init	16	static
../STM32_WPAN/App/app_zigbee.c:346:13:APP_ZIGBEE_StackLayersInit	8	static
../STM32_WPAN/App/app_zigbee.c:378:13:APP_ZIGBEE_ConfigEndpoints	144	static
../STM32_WPAN/App/app_zigbee.c:470:13:APP_ZIGBEE_NwkForm	496	static
../STM32_WPAN/App/app_zigbee.c:537:13:ZbStartupWaitCb	24	static
../STM32_WPAN/App/app_zigbee.c:546:20:ZbStartupWait	24	static
../STM32_WPAN/App/app_zigbee.c:578:6:APP_ZIGBEE_Error	16	static
../STM32_WPAN/App/app_zigbee.c:601:13:APP_ZIGBEE_TraceError	24	static
../STM32_WPAN/App/app_zigbee.c:615:13:APP_ZIGBEE_CheckWirelessFirmwareInfo	104	static
../STM32_WPAN/App/app_zigbee.c:696:6:APP_ZIGBEE_RegisterCmdBuffer	16	static
../STM32_WPAN/App/app_zigbee.c:701:24:ZIGBEE_Get_OTCmdPayloadBuffer	4	static
../STM32_WPAN/App/app_zigbee.c:706:24:ZIGBEE_Get_OTCmdRspPayloadBuffer	4	static
../STM32_WPAN/App/app_zigbee.c:711:24:ZIGBEE_Get_NotificationPayloadBuffer	4	static
../STM32_WPAN/App/app_zigbee.c:716:24:ZIGBEE_Get_M0RequestPayloadBuffer	4	static
../STM32_WPAN/App/app_zigbee.c:727:6:ZIGBEE_CmdTransfer	16	static
../STM32_WPAN/App/app_zigbee.c:750:6:TL_ZIGBEE_CmdEvtReceived	16	static
../STM32_WPAN/App/app_zigbee.c:764:6:TL_ZIGBEE_NotReceived	16	static
../STM32_WPAN/App/app_zigbee.c:779:6:Pre_ZigbeeCmdProcessing	8	static
../STM32_WPAN/App/app_zigbee.c:790:13:Wait_Getting_Ack_From_M0	8	static
../STM32_WPAN/App/app_zigbee.c:802:13:Receive_Ack_From_M0	8	static
../STM32_WPAN/App/app_zigbee.c:813:13:Receive_Notification_From_M0	8	static
../STM32_WPAN/App/app_zigbee.c:825:6:TL_ZIGBEE_M0RequestReceived	16	static
../STM32_WPAN/App/app_zigbee.c:838:6:APP_ZIGBEE_TL_INIT	8	static
../STM32_WPAN/App/app_zigbee.c:851:13:APP_ZIGBEE_ProcessNotifyM0ToM4	8	static
../STM32_WPAN/App/app_zigbee.c:866:13:APP_ZIGBEE_ProcessRequestM0ToM4	8	static
../STM32_WPAN/App/app_zigbee.c:877:6:APP_ZIGBEE_cyclic_reporting	32	static
../STM32_WPAN/App/app_zigbee.c:889:6:APP_ZIGBEE_ConfigBasicServer	8	static
