../STM32_WPAN/App/app_zigbee.c:171:28:onOff_server_1_off	32	static
../STM32_WPAN/App/app_zigbee.c:196:28:onOff_server_1_on	40	static
../STM32_WPAN/App/app_zigbee.c:220:28:onOff_server_1_toggle	40	static
../STM32_WPAN/App/app_zigbee.c:243:28:colorControl_server_1_move_to_color_xy	48	static
../STM32_WPAN/App/app_zigbee.c:268:28:levelControl_server_1_move_to_level	40	static
../STM32_WPAN/App/app_zigbee.c:295:6:APP_ZIGBEE_Init	16	static
../STM32_WPAN/App/app_zigbee.c:336:13:APP_ZIGBEE_StackLayersInit	8	static
../STM32_WPAN/App/app_zigbee.c:368:13:APP_ZIGBEE_ConfigEndpoints	144	static
../STM32_WPAN/App/app_zigbee.c:436:13:APP_ZIGBEE_NwkForm	496	static
../STM32_WPAN/App/app_zigbee.c:503:13:ZbStartupWaitCb	24	static
../STM32_WPAN/App/app_zigbee.c:512:20:ZbStartupWait	24	static
../STM32_WPAN/App/app_zigbee.c:544:6:APP_ZIGBEE_Error	16	static
../STM32_WPAN/App/app_zigbee.c:567:13:APP_ZIGBEE_TraceError	24	static
../STM32_WPAN/App/app_zigbee.c:581:13:APP_ZIGBEE_CheckWirelessFirmwareInfo	104	static
../STM32_WPAN/App/app_zigbee.c:659:6:APP_ZIGBEE_RegisterCmdBuffer	16	static
../STM32_WPAN/App/app_zigbee.c:664:24:ZIGBEE_Get_OTCmdPayloadBuffer	4	static
../STM32_WPAN/App/app_zigbee.c:669:24:ZIGBEE_Get_OTCmdRspPayloadBuffer	4	static
../STM32_WPAN/App/app_zigbee.c:674:24:ZIGBEE_Get_NotificationPayloadBuffer	4	static
../STM32_WPAN/App/app_zigbee.c:679:24:ZIGBEE_Get_M0RequestPayloadBuffer	4	static
../STM32_WPAN/App/app_zigbee.c:690:6:ZIGBEE_CmdTransfer	16	static
../STM32_WPAN/App/app_zigbee.c:713:6:TL_ZIGBEE_CmdEvtReceived	16	static
../STM32_WPAN/App/app_zigbee.c:727:6:TL_ZIGBEE_NotReceived	16	static
../STM32_WPAN/App/app_zigbee.c:742:6:Pre_ZigbeeCmdProcessing	8	static
../STM32_WPAN/App/app_zigbee.c:753:13:Wait_Getting_Ack_From_M0	8	static
../STM32_WPAN/App/app_zigbee.c:765:13:Receive_Ack_From_M0	8	static
../STM32_WPAN/App/app_zigbee.c:776:13:Receive_Notification_From_M0	8	static
../STM32_WPAN/App/app_zigbee.c:788:6:TL_ZIGBEE_M0RequestReceived	16	static
../STM32_WPAN/App/app_zigbee.c:801:6:APP_ZIGBEE_TL_INIT	8	static
../STM32_WPAN/App/app_zigbee.c:814:13:APP_ZIGBEE_ProcessNotifyM0ToM4	8	static
../STM32_WPAN/App/app_zigbee.c:829:13:APP_ZIGBEE_ProcessRequestM0ToM4	8	static
../STM32_WPAN/App/app_zigbee.c:844:6:APP_ZIGBEE_ConfigBasicServer	8	static
