../STM32_WPAN/App/app_zigbee.c:187:28:onOff_server_1_off	32	static
../STM32_WPAN/App/app_zigbee.c:211:28:onOff_server_1_on	32	static
../STM32_WPAN/App/app_zigbee.c:233:28:onOff_server_1_toggle	40	static
../STM32_WPAN/App/app_zigbee.c:256:28:colorControl_server_1_move_to_color_xy	48	static
../STM32_WPAN/App/app_zigbee.c:279:28:levelControl_server_1_move_to_level	40	static
../STM32_WPAN/App/app_zigbee.c:305:6:APP_ZIGBEE_Init	16	static
../STM32_WPAN/App/app_zigbee.c:346:13:APP_ZIGBEE_StackLayersInit	8	static
../STM32_WPAN/App/app_zigbee.c:378:13:APP_ZIGBEE_ConfigEndpoints	144	static
../STM32_WPAN/App/app_zigbee.c:472:13:APP_ZIGBEE_NwkForm	496	static
../STM32_WPAN/App/app_zigbee.c:539:13:ZbStartupWaitCb	24	static
../STM32_WPAN/App/app_zigbee.c:548:20:ZbStartupWait	24	static
../STM32_WPAN/App/app_zigbee.c:580:6:APP_ZIGBEE_Error	16	static
../STM32_WPAN/App/app_zigbee.c:603:13:APP_ZIGBEE_TraceError	24	static
../STM32_WPAN/App/app_zigbee.c:617:13:APP_ZIGBEE_CheckWirelessFirmwareInfo	104	static
../STM32_WPAN/App/app_zigbee.c:698:6:APP_ZIGBEE_RegisterCmdBuffer	16	static
../STM32_WPAN/App/app_zigbee.c:703:24:ZIGBEE_Get_OTCmdPayloadBuffer	4	static
../STM32_WPAN/App/app_zigbee.c:708:24:ZIGBEE_Get_OTCmdRspPayloadBuffer	4	static
../STM32_WPAN/App/app_zigbee.c:713:24:ZIGBEE_Get_NotificationPayloadBuffer	4	static
../STM32_WPAN/App/app_zigbee.c:718:24:ZIGBEE_Get_M0RequestPayloadBuffer	4	static
../STM32_WPAN/App/app_zigbee.c:729:6:ZIGBEE_CmdTransfer	16	static
../STM32_WPAN/App/app_zigbee.c:752:6:TL_ZIGBEE_CmdEvtReceived	16	static
../STM32_WPAN/App/app_zigbee.c:766:6:TL_ZIGBEE_NotReceived	16	static
../STM32_WPAN/App/app_zigbee.c:781:6:Pre_ZigbeeCmdProcessing	8	static
../STM32_WPAN/App/app_zigbee.c:792:13:Wait_Getting_Ack_From_M0	8	static
../STM32_WPAN/App/app_zigbee.c:804:13:Receive_Ack_From_M0	8	static
../STM32_WPAN/App/app_zigbee.c:815:13:Receive_Notification_From_M0	8	static
../STM32_WPAN/App/app_zigbee.c:827:6:TL_ZIGBEE_M0RequestReceived	16	static
../STM32_WPAN/App/app_zigbee.c:840:6:APP_ZIGBEE_TL_INIT	8	static
../STM32_WPAN/App/app_zigbee.c:853:13:APP_ZIGBEE_ProcessNotifyM0ToM4	8	static
../STM32_WPAN/App/app_zigbee.c:868:13:APP_ZIGBEE_ProcessRequestM0ToM4	8	static
../STM32_WPAN/App/app_zigbee.c:879:6:APP_ZIGBEE_cyclic_reporting	16	static
../STM32_WPAN/App/app_zigbee.c:891:6:APP_ZIGBEE_ConfigBasicServer	8	static
