C:/Users/valen/STM32Cube/Repository/STM32Cube_FW_WB_V1.20.0/Drivers/STM32WBxx_HAL_Driver/Inc/stm32wbxx_ll_bus.h:539:22:LL_AHB2_GRP1_EnableClock	24	static
../Core/Src/main.c:82:5:__io_putchar	16	static
../Core/Src/main.c:98:5:main	8	static
../Core/Src/main.c:180:6:SystemClock_Config	112	static
../Core/Src/main.c:237:6:PeriphCommonClock_Config	88	static
../Core/Src/main.c:262:13:MX_ADC1_Init	32	static
../Core/Src/main.c:320:13:MX_I2C1_Init	8	static
../Core/Src/main.c:368:13:MX_IPCC_Init	8	static
../Core/Src/main.c:394:13:MX_RF_Init	4	static
../Core/Src/main.c:415:13:MX_RTC_Init	8	static
../Core/Src/main.c:458:13:MX_TIM2_Init	48	static
../Core/Src/main.c:515:13:MX_TIM16_Init	8	static
../Core/Src/main.c:547:13:MX_USART1_UART_Init	8	static
../Core/Src/main.c:595:13:MX_GPIO_Init	32	static
../Core/Src/main.c:647:6:Error_Handler	4	static,ignoring_inline_asm
