C:/Users/valen/STM32Cube/Repository/STM32Cube_FW_WB_V1.20.0/Drivers/STM32WBxx_HAL_Driver/Inc/stm32wbxx_ll_rcc.h:2883:22:LL_RCC_EnableRTC	4	static
C:/Users/valen/STM32Cube/Repository/STM32Cube_FW_WB_V1.20.0/Drivers/STM32WBxx_HAL_Driver/Inc/stm32wbxx_ll_rcc.h:2893:22:LL_RCC_DisableRTC	4	static
C:/Users/valen/STM32Cube/Repository/STM32Cube_FW_WB_V1.20.0/Drivers/STM32WBxx_HAL_Driver/Inc/stm32wbxx_ll_bus.h:539:22:LL_AHB2_GRP1_EnableClock	24	static
C:/Users/valen/STM32Cube/Repository/STM32Cube_FW_WB_V1.20.0/Drivers/STM32WBxx_HAL_Driver/Inc/stm32wbxx_ll_bus.h:597:22:LL_AHB2_GRP1_DisableClock	16	static
C:/Users/valen/STM32Cube/Repository/STM32Cube_FW_WB_V1.20.0/Drivers/STM32WBxx_HAL_Driver/Inc/stm32wbxx_ll_bus.h:744:22:LL_AHB3_GRP1_EnableClock	24	static
C:/Users/valen/STM32Cube/Repository/STM32Cube_FW_WB_V1.20.0/Drivers/STM32WBxx_HAL_Driver/Inc/stm32wbxx_ll_bus.h:798:22:LL_AHB3_GRP1_DisableClock	16	static
C:/Users/valen/STM32Cube/Repository/STM32Cube_FW_WB_V1.20.0/Drivers/STM32WBxx_HAL_Driver/Inc/stm32wbxx_ll_bus.h:939:22:LL_APB1_GRP1_EnableClock	24	static
C:/Users/valen/STM32Cube/Repository/STM32Cube_FW_WB_V1.20.0/Drivers/STM32WBxx_HAL_Driver/Inc/stm32wbxx_ll_bus.h:1038:22:LL_APB1_GRP1_DisableClock	16	static
C:/Users/valen/STM32Cube/Repository/STM32Cube_FW_WB_V1.20.0/Drivers/STM32WBxx_HAL_Driver/Inc/stm32wbxx_ll_bus.h:1274:22:LL_APB2_GRP1_EnableClock	24	static
C:/Users/valen/STM32Cube/Repository/STM32Cube_FW_WB_V1.20.0/Drivers/STM32WBxx_HAL_Driver/Inc/stm32wbxx_ll_bus.h:1328:22:LL_APB2_GRP1_DisableClock	16	static
../Core/Src/stm32wbxx_hal_msp.c:66:6:HAL_MspInit	8	static
../Core/Src/stm32wbxx_hal_msp.c:93:6:HAL_ADC_MspInit	120	static
../Core/Src/stm32wbxx_hal_msp.c:143:6:HAL_ADC_MspDeInit	16	static
../Core/Src/stm32wbxx_hal_msp.c:171:6:HAL_I2C_MspInit	120	static
../Core/Src/stm32wbxx_hal_msp.c:218:6:HAL_I2C_MspDeInit	16	static
../Core/Src/stm32wbxx_hal_msp.c:249:6:HAL_IPCC_MspInit	16	static
../Core/Src/stm32wbxx_hal_msp.c:277:6:HAL_IPCC_MspDeInit	16	static
../Core/Src/stm32wbxx_hal_msp.c:303:6:HAL_RTC_MspInit	96	static
../Core/Src/stm32wbxx_hal_msp.c:342:6:HAL_RTC_MspDeInit	16	static
../Core/Src/stm32wbxx_hal_msp.c:365:6:HAL_SPI_MspInit	40	static
../Core/Src/stm32wbxx_hal_msp.c:403:6:HAL_SPI_MspDeInit	16	static
../Core/Src/stm32wbxx_hal_msp.c:433:6:HAL_TIM_PWM_MspInit	16	static
../Core/Src/stm32wbxx_hal_msp.c:456:6:HAL_TIM_Base_MspInit	16	static
../Core/Src/stm32wbxx_hal_msp.c:473:6:HAL_TIM_MspPostInit	40	static
../Core/Src/stm32wbxx_hal_msp.c:507:6:HAL_TIM_PWM_MspDeInit	16	static
../Core/Src/stm32wbxx_hal_msp.c:529:6:HAL_TIM_Base_MspDeInit	16	static
../Core/Src/stm32wbxx_hal_msp.c:551:6:HAL_UART_MspInit	120	static
../Core/Src/stm32wbxx_hal_msp.c:602:6:HAL_UART_MspDeInit	16	static
