../Core/User_Code/DHT22/DHT22.c:35:6:DHT22_Init	24	static
../Core/User_Code/DHT22/DHT22.c:51:13:ONE_WIRE_PinMode	40	static
../Core/User_Code/DHT22/DHT22.c:73:13:ONE_WIRE_Pin_Write	16	static
../Core/User_Code/DHT22/DHT22.c:78:13:ONE_WIRE_Pin_Read	8	static
../Core/User_Code/DHT22/DHT22.c:84:13:DelayMicroSeconds	24	static
../Core/User_Code/DHT22/DHT22.c:93:13:DHT22_StartAcquisition	8	static
../Core/User_Code/DHT22/DHT22.c:109:13:DHT22_ReadRaw	24	static
../Core/User_Code/DHT22/DHT22.c:149:6:DHT22_GetTemp_Humidity	32	static
